time=2026-05-11T01:09:15.777+03:00 level=INFO msg="server started" port=:8080 resolv_conf_path=./resolv.conf log_level=info log_file_path=logs/dns-server.log
time=2026-05-11T01:09:33.583+03:00 level=INFO msg="Shutting down server\n"
time=2026-05-11T01:09:33.583+03:00 level=INFO msg="Server stopped"
time=2026-05-11T01:51:24.913+03:00 level=INFO msg="server started" port=:8080 resolv_conf_path=./resolv.conf log_level=info log_file_path=logs/dns-server.log
time=2026-05-11T01:53:07.199+03:00 level=WARN msg="http request failed" status=400 method=POST path=/dns bytes=33 duration=456.583µs
time=2026-05-11T02:02:40.227+03:00 level=INFO msg="http request succeeded" status=200 method=GET path=/dns bytes=44 duration=3.457167ms
time=2026-05-11T02:02:44.192+03:00 level=INFO msg="http request succeeded" status=200 method=GET path=/healthz bytes=16 duration=47.916µs
time=2026-05-11T02:02:48.773+03:00 level=INFO msg="http request succeeded" status=201 method=POST path=/dns bytes=54 duration=8.117833ms
time=2026-05-11T02:02:51.177+03:00 level=WARN msg="http request failed" status=409 method=POST path=/dns bytes=38 duration=331.791µs
time=2026-05-11T02:02:58.278+03:00 level=WARN msg="http request failed" status=404 method=DELETE path=/dns bytes=33 duration=225.417µs
time=2026-05-11T02:03:10.991+03:00 level=INFO msg="http request succeeded" status=200 method=DELETE path=/dns bytes=44 duration=9.703542ms
time=2026-05-11T02:03:22.026+03:00 level=INFO msg="http request succeeded" status=200 method=GET path=/dns bytes=44 duration=129.292µs
time=2026-05-11T02:03:41.236+03:00 level=INFO msg="http request succeeded" status=200 method=DELETE path=/dns bytes=34 duration=17.097917ms query="server=8.8.8.6"
time=2026-05-11T02:04:05.123+03:00 level=INFO msg="http request succeeded" status=200 method=GET path=/dns bytes=34 duration=151.25µs
time=2026-05-11T02:04:15.526+03:00 level=INFO msg="http request succeeded" status=201 method=POST path=/dns bytes=44 duration=14.304167ms
time=2026-05-11T02:04:24.462+03:00 level=INFO msg="http request succeeded" status=200 method=DELETE path=/dns bytes=34 duration=11.702709ms query="server=8.8.8.9"
time=2026-05-11T02:04:31.729+03:00 level=INFO msg="http request succeeded" status=200 method=GET path=/dns bytes=34 duration=163.959µs
time=2026-05-11T02:07:56.698+03:00 level=INFO msg="Shutting down server"
time=2026-05-11T02:07:56.700+03:00 level=INFO msg="Server stopped"
time=2026-05-11T02:08:00.398+03:00 level=INFO msg="server started" port=:8080 resolv_conf_path=./resolv.conf log_level=info log_file_path=logs/dns-server.log
time=2026-05-11T02:08:44.548+03:00 level=INFO msg="http request succeeded" status=200 method=GET path=/dns bytes=34 duration=795.417µs
time=2026-05-11T02:08:50.595+03:00 level=INFO msg="http request succeeded" status=200 method=DELETE path=/dns bytes=24 duration=13.614167ms query="server=8.8.8.9"
time=2026-05-11T02:09:02.661+03:00 level=INFO msg="http request succeeded" status=201 method=POST path=/dns bytes=34 duration=8.146958ms
time=2026-05-11T02:09:12.312+03:00 level=INFO msg="http request succeeded" status=200 method=DELETE path=/dns bytes=24 duration=8.726084ms query="server=8.8.8.8"
time=2026-05-11T02:09:54.274+03:00 level=WARN msg="http request failed" status=404 method=DELETE path=/dns bytes=33 duration=173.583µs query="server=8.8.8.8"
time=2026-05-11T02:10:03.215+03:00 level=INFO msg="http request succeeded" status=200 method=DELETE path=/dns bytes=15 duration=14.7895ms query="server=8.8.8.7"
time=2026-05-11T02:10:15.027+03:00 level=INFO msg="http request succeeded" status=201 method=POST path=/dns bytes=24 duration=13.838042ms
time=2026-05-11T02:10:29.511+03:00 level=INFO msg="Shutting down server"
time=2026-05-11T02:10:29.511+03:00 level=INFO msg="Server stopped"
time=2026-05-11T02:24:24.932+03:00 level=INFO msg="server started" port=:8080 resolv_conf_path=./resolv.conf log_level=info log_file_path=logs/dns-server.log
time=2026-05-11T02:24:55.275+03:00 level=INFO msg="http request succeeded" status=200 method=GET path=/dns bytes=24 duration=979.792µs
time=2026-05-11T02:25:07.736+03:00 level=WARN msg="http request failed" status=409 method=POST path=/dns bytes=38 duration=225.709µs
time=2026-05-11T02:25:22.213+03:00 level=INFO msg="http request succeeded" status=201 method=POST path=/dns bytes=34 duration=8.223166ms
time=2026-05-11T02:25:57.715+03:00 level=INFO msg="http request succeeded" status=200 method=DELETE path=/dns bytes=24 duration=7.247667ms query="server=8.8.8.9"
time=2026-05-11T02:26:03.237+03:00 level=INFO msg="http request succeeded" status=201 method=POST path=/dns bytes=34 duration=7.838ms
time=2026-05-11T02:26:07.667+03:00 level=INFO msg="http request succeeded" status=200 method=GET path=/dns bytes=34 duration=61.167µs
time=2026-05-11T02:26:52.487+03:00 level=INFO msg="http request succeeded" status=200 method=GET path=/dns bytes=34 duration=17.849792ms
time=2026-05-11T02:27:05.641+03:00 level=WARN msg="http request failed" status=404 method=DELETE path=/dns bytes=33 duration=3.626791ms
time=2026-05-11T02:27:13.104+03:00 level=INFO msg="http request succeeded" status=200 method=DELETE path=/dns bytes=24 duration=9.763084ms
time=2026-05-11T02:27:56.070+03:00 level=WARN msg="http request failed" status=404 method=DELETE path=/dns bytes=33 duration=298.083µs
time=2026-05-11T02:28:14.440+03:00 level=INFO msg="http request succeeded" status=200 method=GET path=/dns bytes=24 duration=62.625µs
time=2026-05-11T02:28:17.059+03:00 level=INFO msg="http request succeeded" status=201 method=POST path=/dns bytes=34 duration=15.8065ms
time=2026-05-11T02:28:27.508+03:00 level=INFO msg="Shutting down server"
time=2026-05-11T02:28:27.508+03:00 level=INFO msg="Server stopped"
time=2026-05-11T02:30:11.453+03:00 level=INFO msg="server started" port=:8080 resolv_conf_path=./resolv.conf log_level=info log_file_path=logs/dns-server.log
time=2026-05-11T02:32:47.418+03:00 level=INFO msg="Shutting down server"
time=2026-05-11T02:32:47.418+03:00 level=INFO msg="Server stopped"
time=2026-05-11T14:43:23.331+03:00 level=INFO msg="server started" port=:8080 resolv_conf_path=./resolv.conf log_level=info log_file_path=logs/dns-server.log
time=2026-05-11T14:43:40.850+03:00 level=INFO msg="http request succeeded" status=200 method=GET path=/dns bytes=34 duration=1.103458ms
time=2026-05-11T14:43:52.748+03:00 level=WARN msg="http request failed" status=409 method=POST path=/dns bytes=38 duration=1.671541ms
time=2026-05-11T14:45:12.743+03:00 level=INFO msg="http request succeeded" status=200 method=DELETE path=/dns bytes=24 duration=15.196833ms query="server=8.8.8.9"
time=2026-05-11T14:45:17.536+03:00 level=INFO msg="http request succeeded" status=201 method=POST path=/dns bytes=34 duration=6.419375ms
time=2026-05-11T14:45:25.753+03:00 level=WARN msg="http request failed" status=400 method=DELETE path=/dns bytes=39 duration=20.541µs query="server=8.8.8.9.0"
time=2026-05-11T14:45:32.835+03:00 level=WARN msg="http request failed" status=404 method=DELETE path=/dns bytes=33 duration=224.875µs query="server=8.8.8.7"
time=2026-05-11T15:00:22.398+03:00 level=INFO msg="server started" port=:8080 resolv_conf_path=./resolv.conf log_level=info log_file_path=logs/dns-server.log
time=2026-05-11T15:00:22.399+03:00 level=ERROR msg="Server stopped unexpectedly: %v" !BADKEY="listen tcp :8080: bind: address already in use"
time=2026-05-11T15:01:14.699+03:00 level=INFO msg="Shutting down server"
time=2026-05-11T15:01:14.701+03:00 level=INFO msg="Server stopped"
time=2026-05-11T15:01:19.284+03:00 level=INFO msg="server started" port=:8080 resolv_conf_path=./resolv.conf log_level=info log_file_path=logs/dns-server.log
time=2026-05-11T15:01:32.308+03:00 level=INFO msg="Shutting down server"
time=2026-05-11T15:01:32.308+03:00 level=INFO msg="Server stopped"
time=2026-05-11T15:01:42.819+03:00 level=INFO msg="server started" port=:8080 resolv_conf_path=./resolv.conf log_level=info log_file_path=logs/dns-server.log
time=2026-05-11T15:01:49.818+03:00 level=INFO msg="http request succeeded" status=200 method=GET path=/dns bytes=34 duration=949.583µs
time=2026-05-11T15:01:55.993+03:00 level=WARN msg="http request failed" status=409 method=POST path=/dns bytes=38 duration=1.462375ms
time=2026-05-11T15:02:04.939+03:00 level=INFO msg="http request succeeded" status=201 method=POST path=/dns bytes=45 duration=11.636125ms
time=2026-05-11T15:02:15.792+03:00 level=INFO msg="http request succeeded" status=200 method=DELETE path=/dns bytes=34 duration=10.505125ms query="server=8.8.8.10"
time=2026-05-11T15:02:41.677+03:00 level=INFO msg="http request succeeded" status=200 method=GET path=/dns bytes=34 duration=137.875µs
time=2026-05-11T15:02:48.013+03:00 level=WARN msg="http request failed" status=409 method=POST path=/dns bytes=38 duration=203.959µs
time=2026-05-11T15:02:52.119+03:00 level=INFO msg="http request succeeded" status=201 method=POST path=/dns bytes=44 duration=9.446291ms
time=2026-05-11T15:20:54.136+03:00 level=INFO msg="Shutting down server"
time=2026-05-11T15:20:54.137+03:00 level=INFO msg="Server stopped"
